#
# There is insufficient memory for the Java Runtime Environment to continue.
# Native memory allocation (mmap) failed to map 132120576 bytes. Error detail: G1 virtual space
# Possible reasons:
#   The system is out of physical RAM or swap space
#   This process is running with CompressedOops enabled, and the Java Heap may be blocking the growth of the native heap
# Possible solutions:
#   Reduce memory load on the system
#   Increase physical memory or swap space
#   Check if swap backing store is full
#   Decrease Java heap size (-Xmx/-Xms)
#   Decrease number of Java threads
#   Decrease Java thread stack sizes (-Xss)
#   Set larger code cache with -XX:ReservedCodeCacheSize=
#   JVM is running with Unscaled Compressed Oops mode in which the Java heap is
#     placed in the first 4GB address space. The Java Heap base address is the
#     maximum limit for the native heap growth. Please use -XX:HeapBaseMinAddress
#     to set the Java Heap base and to place the Java Heap above 4GB virtual address.
# This output file may be truncated or incomplete.
#
#  Out of Memory Error (os_windows.cpp:3707), pid=23528, tid=10608
#
# JRE version:  (23.0.2+7) (build )
# Java VM: Java HotSpot(TM) 64-Bit Server VM (23.0.2+7-58, mixed mode, sharing, tiered, compressed oops, compressed class ptrs, g1 gc, windows-amd64)
# No core dump will be written. Minidumps are not enabled by default on client versions of Windows
#

---------------  S U M M A R Y ------------

Command Line: --enable-native-access=ALL-UNNAMED 

Host: 11th Gen Intel(R) Core(TM) i5-11300H @ 3.10GHz, 8 cores, 7G,  Windows 11 , 64 bit Build 26100 (10.0.26100.3912)
Time: Wed Aug 26 14:43:29 2026 India Standard Time elapsed time: 1.132505 seconds (0d 0h 0m 1s)

---------------  T H R E A D  ---------------

Current thread (0x000001d5eb1617a0):  JavaThread "Unknown thread" [_thread_in_vm, id=10608, stack(0x0000004c3f400000,0x0000004c3f500000) (1024K)]

Stack: [0x0000004c3f400000,0x0000004c3f500000]
Native frames: (J=compiled Java code, j=interpreted, Vv=VM code, C=native code)
V  [jvm.dll+0x6e0b99]  (no source info available)
V  [jvm.dll+0x87e2b3]  (no source info available)
V  [jvm.dll+0x88073e]  (no source info available)
V  [jvm.dll+0x880e13]  (no source info available)
V  [jvm.dll+0x27b006]  (no source info available)
V  [jvm.dll+0x6dd485]  (no source info available)
V  [jvm.dll+0x6d127a]  (no source info available)
V  [jvm.dll+0x35b50a]  (no source info available)
V  [jvm.dll+0x363916]  (no source info available)
V  [jvm.dll+0x34fe7e]  (no source info available)
V  [jvm.dll+0x350118]  (no source info available)
V  [jvm.dll+0x328aec]  (no source info available)
V  [jvm.dll+0x32978e]  (no source info available)
V  [jvm.dll+0x8449a5]  (no source info available)
V  [jvm.dll+0x3b9a08]  (no source info available)
V  [jvm.dll+0x82d68c]  (no source info available)
V  [jvm.dll+0x454f2e]  (no source info available)
V  [jvm.dll+0x456db1]  (no source info available)
C  [jli.dll+0x52a3]  (no source info available)
C  [ucrtbase.dll+0x37b0]  (no source info available)
C  [KERNEL32.DLL+0x2e8d7]  (no source info available)
C  [ntdll.dll+0x9c5dc]  (no source info available)

Lock stack of current Java thread (top to bottom):


---------------  P R O C E S S  ---------------

Threads class SMR info:
_java_thread_list=0x00007ff97ddc4618, length=0, elements={
}

Java Threads: ( => current thread )
Total: 0

Other Threads:
  0x000001d5ed49e040 WorkerThread "GC Thread#0"                     [id=23064, stack(0x0000004c3f500000,0x0000004c3f600000) (1024K)]
  0x000001d5ed4b26e0 ConcurrentGCThread "G1 Main Marker"            [id=19604, stack(0x0000004c3f600000,0x0000004c3f700000) (1024K)]
  0x000001d5ed4b33f0 WorkerThread "G1 Conc#0"                       [id=21016, stack(0x0000004c3f700000,0x0000004c3f800000) (1024K)]

[error occurred during error reporting (printing all threads), id 0xc0000005, EXCEPTION_ACCESS_VIOLATION (0xc0000005) at pc=0x00007ff97d50c0da]
VM state: not at safepoint (not fully initialized)

VM Mutex/Monitor currently owned by a thread:  ([mutex/lock_event])
[0x00007ff97de44988] Heap_lock - owner thread: 0x000001d5eb1617a0

Heap address: 0x0000000083e00000, size: 1986 MB, Compressed Oops mode: 32-bit

CDS archive(s) mapped at: [0x0000000000000000-0x0000000000000000-0x0000000000000000), size 0, SharedBaseAddress: 0x0000000800000000, ArchiveRelocationMode: 1.
Narrow klass base: 0x0000000000000000, Narrow klass shift: 0, Narrow klass range: 0x0

GC Precious Log:
 CardTable entry size: 512
 Card Set container configuration: InlinePtr #cards 5 size 8 Array Of Cards #cards 10 size 36 Howl #buckets 4 coarsen threshold 1843 Howl Bitmap #cards 512 size 80 coarsen threshold 460 Card regions per heap region 1 cards per card region 2048

Heap:
 garbage-first heap   total reserved 2033664K, committed 0K, used 0K [0x0000000083e00000, 0x0000000100000000)
  region size 1024K, 0 young (0K), 0 survivors (0K)

[error occurred during error reporting (printing heap information), id 0xc0000005, EXCEPTION_ACCESS_VIOLATION (0xc0000005) at pc=0x00007ff97d90c6a9]
GC Heap History (0 events):
No events

Dll operation events (1 events):
Event: 0.006 Loaded shared library C:\Program Files\Java\jdk-23\bin\java.dll

Deoptimization events (0 events):
No events

Classes loaded (0 events):
No events

Classes unloaded (0 events):
No events

Classes redefined (0 events):
No events

Internal exceptions (0 events):
No events

VM Operations (0 events):
No events

Memory protections (0 events):
No events

Nmethod flushes (0 events):
No events

Events (0 events):
No events


Dynamic libraries:
0x00007ff6c69d0000 - 0x00007ff6c69e0000 	C:\Program Files\Java\jdk-23\bin\java.exe
0x00007ffa20fa0000 - 0x00007ffa21206000 	C:\WINDOWS\SYSTEM32\ntdll.dll
0x00007ffa1f920000 - 0x00007ffa1f9e9000 	C:\WINDOWS\System32\KERNEL32.DLL
0x00007ffa1e130000 - 0x00007ffa1e4fc000 	C:\WINDOWS\System32\KERNELBASE.dll
0x00007ffa1e950000 - 0x00007ffa1ea9b000 	C:\WINDOWS\System32\ucrtbase.dll
0x00007ffa10090000 - 0x00007ffa100ab000 	C:\Program Files\Java\jdk-23\bin\VCRUNTIME140.dll
0x00007ff9fcc20000 - 0x00007ff9fcc37000 	C:\Program Files\Java\jdk-23\bin\jli.dll
0x00007ffa1ee60000 - 0x00007ffa1f02a000 	C:\WINDOWS\System32\USER32.dll
0x00007ffa1e7d0000 - 0x00007ffa1e7f7000 	C:\WINDOWS\System32\win32u.dll
0x00007ffa01980000 - 0x00007ffa01c1a000 	C:\WINDOWS\WinSxS\amd64_microsoft.windows.common-controls_6595b64144ccf1df_6.0.26100.3912_none_3e07963ce335137e\COMCTL32.dll
0x00007ffa1f8f0000 - 0x00007ffa1f91b000 	C:\WINDOWS\System32\GDI32.dll
0x00007ffa202c0000 - 0x00007ffa20369000 	C:\WINDOWS\System32\msvcrt.dll
0x00007ffa1ec20000 - 0x00007ffa1ed52000 	C:\WINDOWS\System32\gdi32full.dll
0x00007ffa1e5a0000 - 0x00007ffa1e643000 	C:\WINDOWS\System32\msvcp_win.dll
0x00007ffa1f230000 - 0x00007ffa1f260000 	C:\WINDOWS\System32\IMM32.DLL
0x00007ff9fcc10000 - 0x00007ff9fcc1c000 	C:\Program Files\Java\jdk-23\bin\vcruntime140_1.dll
0x00007ff9eb7f0000 - 0x00007ff9eb87e000 	C:\Program Files\Java\jdk-23\bin\msvcp140.dll
0x00007ff97d1d0000 - 0x00007ff97df20000 	C:\Program Files\Java\jdk-23\bin\server\jvm.dll
0x00007ffa20c90000 - 0x00007ffa20d42000 	C:\WINDOWS\System32\ADVAPI32.dll
0x00007ffa20e20000 - 0x00007ffa20ec6000 	C:\WINDOWS\System32\sechost.dll
0x00007ffa20b70000 - 0x00007ffa20c86000 	C:\WINDOWS\System32\RPCRT4.dll
0x00007ffa1f030000 - 0x00007ffa1f0a4000 	C:\WINDOWS\System32\WS2_32.dll
0x00007ffa1cd80000 - 0x00007ffa1cdde000 	C:\WINDOWS\SYSTEM32\POWRPROF.dll
0x00007ffa05830000 - 0x00007ffa05866000 	C:\WINDOWS\SYSTEM32\WINMM.dll
0x00007ffa0da90000 - 0x00007ffa0da9b000 	C:\WINDOWS\SYSTEM32\VERSION.dll
0x00007ffa1cd60000 - 0x00007ffa1cd74000 	C:\WINDOWS\SYSTEM32\UMPDC.dll
0x00007ffa1d010000 - 0x00007ffa1d02a000 	C:\WINDOWS\SYSTEM32\kernel.appcore.dll
0x00007ff9ef350000 - 0x00007ff9ef35a000 	C:\Program Files\Java\jdk-23\bin\jimage.dll
0x00007ffa1b830000 - 0x00007ffa1ba71000 	C:\WINDOWS\SYSTEM32\DBGHELP.DLL
0x00007ffa20690000 - 0x00007ffa20a14000 	C:\WINDOWS\System32\combase.dll
0x00007ffa201b0000 - 0x00007ffa20290000 	C:\WINDOWS\System32\OLEAUT32.dll
0x00007ff9faf50000 - 0x00007ff9faf89000 	C:\WINDOWS\SYSTEM32\dbgcore.DLL
0x00007ffa1e500000 - 0x00007ffa1e599000 	C:\WINDOWS\System32\bcryptPrimitives.dll
0x00007ff9ef330000 - 0x00007ff9ef34e000 	C:\Program Files\Java\jdk-23\bin\java.dll
0x00007ffa20470000 - 0x00007ffa2060f000 	C:\WINDOWS\System32\ole32.dll
0x00007ffa1fa80000 - 0x00007ffa201ad000 	C:\WINDOWS\System32\SHELL32.dll
0x00007ffa1eaa0000 - 0x00007ffa1ec14000 	C:\WINDOWS\System32\wintypes.dll

dbghelp: loaded successfully - version: 4.0.5 - missing functions: none
symbol engine: initialized successfully - sym options: 0x614 - pdb path: .;C:\Program Files\Java\jdk-23\bin;C:\WINDOWS\SYSTEM32;C:\WINDOWS\WinSxS\amd64_microsoft.windows.common-controls_6595b64144ccf1df_6.0.26100.3912_none_3e07963ce335137e;C:\Program Files\Java\jdk-23\bin\server

VM Arguments:
jvm_args: --enable-native-access=ALL-UNNAMED 
java_command: <unknown>
java_class_path (initial): <not set>
Launcher Type: SUN_STANDARD

[Global flags]
     intx CICompilerCount                          = 4                                         {product} {ergonomic}
     uint ConcGCThreads                            = 2                                         {product} {ergonomic}
     uint G1ConcRefinementThreads                  = 8                                         {product} {ergonomic}
   size_t G1HeapRegionSize                         = 1048576                                   {product} {ergonomic}
   size_t InitialHeapSize                          = 132120576                                 {product} {ergonomic}
   size_t MarkStackSize                            = 4194304                                   {product} {ergonomic}
   size_t MarkStackSizeMax                         = 536870912                                 {product} {ergonomic}
   size_t MaxHeapSize                              = 2082471936                                {product} {ergonomic}
   size_t MinHeapDeltaBytes                        = 1048576                                   {product} {ergonomic}
   size_t MinHeapSize                              = 8388608                                   {product} {ergonomic}
    uintx NonNMethodCodeHeapSize                   = 5832704                                {pd product} {ergonomic}
    uintx NonProfiledCodeHeapSize                  = 122945536                              {pd product} {ergonomic}
    uintx ProfiledCodeHeapSize                     = 122880000                              {pd product} {ergonomic}
    uintx ReservedCodeCacheSize                    = 251658240                              {pd product} {ergonomic}
     bool SegmentedCodeCache                       = true                                      {product} {ergonomic}
   size_t SoftMaxHeapSize                          = 2082471936                             {manageable} {ergonomic}
     bool UseCompressedOops                        = true                           {product lp64_product} {ergonomic}
     bool UseG1GC                                  = true                                      {product} {ergonomic}
     bool UseLargePagesIndividualAllocation        = false                                  {pd product} {ergonomic}

Logging:
Log output configuration:
 #0: stdout all=warning uptime,level,tags foldmultilines=false
 #1: stderr all=off uptime,level,tags foldmultilines=false

Environment Variables:
PATH=C:\app\HP\product\21c\dbhomeXE\bin;C:\Program Files\Python313\Scripts\;C:\Program Files\Python313\;C:\Program Files\Common Files\Oracle\Java\javapath;C:\windows\system32;C:\windows;C:\windows\System32\Wbem;C:\windows\System32\WindowsPowerShell\v1.0\;C:\windows\System32\OpenSSH\;C:\Program Files (x86)\NVIDIA Corporation\PhysX\Common;C:\Program Files\Microsoft SQL Server\150\Tools\Binn\;C:\WINDOWS\system32;C:\WINDOWS;C:\WINDOWS\System32\Wbem;C:\WINDOWS\System32\WindowsPowerShell\v1.0\;C:\WINDOWS\System32\OpenSSH\;C:\WINDOWS\system32;C:\WINDOWS;C:\WINDOWS\System32\Wbem;C:\WINDOWS\System32\WindowsPowerShell\v1.0\;C:\WINDOWS\System32\OpenSSH\;C:\MinGW\bin;C:\Program Files\Java\jdk-23\bin;C:\Program Files\Python313;C:\Program Files\nodejs\;C:\ProgramData\chocolatey\bin;C:\php-8.3.1;C:\Program Files\NVIDIA Corporation\NVIDIA App\NvDLISR;C:\Program Files\MySQL\MySQL Server 8.0\bin;C:\flutter_windows_3.41.6-stable\flutter\bin;C:\Users\HP\AppData\Local\Microsoft\WindowsApps;C:\Users\HP\AppData\Local\Programs\Microsoft VS Code\bin;C:\Users\HP\AppData\Roaming\npm
USERNAME=HP
OS=Windows_NT
PROCESSOR_IDENTIFIER=Intel64 Family 6 Model 140 Stepping 1, GenuineIntel
TMP=C:\Users\HP\AppData\Local\Temp
TEMP=C:\Users\HP\AppData\Local\Temp




Periodic native trim disabled

---------------  S Y S T E M  ---------------

OS:
 Windows 11 , 64 bit Build 26100 (10.0.26100.3912)
OS uptime: 0 days 2:37 hours

CPU: total 8 (initial active 8) (4 cores per cpu, 2 threads per core) family 6 model 140 stepping 1 microcode 0xa4, cx8, cmov, fxsr, ht, mmx, 3dnowpref, sse, sse2, sse3, ssse3, sse4.1, sse4.2, popcnt, lzcnt, tsc, tscinvbit, avx, avx2, aes, erms, clmul, bmi1, bmi2, adx, avx512f, avx512dq, avx512cd, avx512bw, avx512vl, sha, fma, vzeroupper, avx512_vpopcntdq, avx512_vpclmulqdq, avx512_vaes, avx512_vnni, clflush, clflushopt, clwb, avx512_vbmi2, avx512_vbmi, rdtscp, rdpid, fsrm, gfni, avx512_bitalg, f16c, pku, cet_ibt, cet_ss, avx512_ifma
Processor Information for the first 8 processors :
  Max Mhz: 3110, Current Mhz: 3110, Mhz Limit: 3110

Memory: 4k page, system-wide physical 7937M (771M free)
TotalPageFile size 15489M (AvailPageFile size 40M)
current process WorkingSet (physical memory assigned to process): 13M, peak: 13M
current process commit charge ("private bytes"): 61M, peak: 186M

vm_info: Java HotSpot(TM) 64-Bit Server VM (23.0.2+7-58) for windows-amd64 JRE (23.0.2+7-58), built on 2024-11-29T09:34:55Z with MS VC++ 17.6 (VS2022)

END.
